// Jest Snapshot v1, https://goo.gl/fbAQLP

exports[`AllRecipes component AllRecipes component snapshot should render with right amount of elements 1`] = `
<div
  className="col-md-4 mb-2"
>
  <div
    className="card mt-1"
  >
    <img
      alt="jollof"
      className="card-img-top"
      height="231px"
      max-width="348px"
      src="https://res.cloudinary.com/fuchodeveloper/image/upload/v1516760699/noodles_c6ltkq.jpg"
    />
    <div
      className="card-body"
    >
      <h4
        className="card-title"
      >
        jollof
        ...
      </h4>
      <p
        className="card-text"
      >
        rice, beans...
      </p>
      <div
        className="card-footer custom-card-footer-bg"
      >
        <p
          className="card-text"
        >
          <small
            className="text-muted"
          >
            0
              
            <i
              aria-hidden="true"
              className="fa fa-eye"
            />
             .  
             
            <i
              aria-hidden="true"
              className="fa fa-thumbs-up"
            />
             .  
              
            <i
              aria-hidden="true"
              className="fa fa-star"
            />
          </small>
        </p>
        <Link
          className="btn btn-primary btn-primary-color"
          id="view-recipe-button"
          replace={false}
          to="/recipes/1"
        >
          View Recipe
        </Link>
      </div>
    </div>
  </div>
</div>
`;
